C:/Users/nicka/Desktop/Git Repos/AdvancedMechatronics-ME433/HW12/FDCAN_Com_Polling/Src/main.c:82:5:main	48	static
C:/Users/nicka/Desktop/Git Repos/AdvancedMechatronics-ME433/HW12/FDCAN_Com_Polling/Src/main.c:247:6:SystemClock_Config	64	static
C:/Users/nicka/Desktop/Git Repos/AdvancedMechatronics-ME433/HW12/FDCAN_Com_Polling/Src/main.c:286:13:MX_FDCAN1_Init	8	static
C:/Users/nicka/Desktop/Git Repos/AdvancedMechatronics-ME433/HW12/FDCAN_Com_Polling/Src/main.c:329:13:MX_USART1_UART_Init	8	static
C:/Users/nicka/Desktop/Git Repos/AdvancedMechatronics-ME433/HW12/FDCAN_Com_Polling/Src/main.c:377:13:MX_GPIO_Init	24	static
C:/Users/nicka/Desktop/Git Repos/AdvancedMechatronics-ME433/HW12/FDCAN_Com_Polling/Src/main.c:398:6:BSP_PB_Callback	16	static
C:/Users/nicka/Desktop/Git Repos/AdvancedMechatronics-ME433/HW12/FDCAN_Com_Polling/Src/main.c:426:17:BufferCmp8b	24	static
C:/Users/nicka/Desktop/Git Repos/AdvancedMechatronics-ME433/HW12/FDCAN_Com_Polling/Src/main.c:446:6:Error_Handler	8	static
